Up to date
_11: 1.4142157
_119: 1.4142157
_219: 1.4142157
_327: 1.4142157
_435: 1.4142157
_543: 120
_623: 720
_727: 3
_764: a | b | c | d | e | f | nil
_808: d
_885: 6
_916: c | b | a | nil
_980: 3
_1021: c | b | a | nil
_1056: 1 | 1 | 2 | 3 | 3 | 4 | 5 | 5 | 5 | 6 | 9 | nil
_1782: 1 | 1 | 2 | 3 | 3 | 4 | 5 | 5 | 5 | 6 | 9 | nil
_2731: a | b | c | d | e | f | nil
_2967: a | b | c | d | e | f | nil
_3237: a | b | c | d | e | f | nil
_3412: a | b | c | d | e | f | nil
_3637: peter
_3665: paul
_3687: mary
_3880: 10 # ten
_3950: 5 # five
_3999: 15 # fifteen
_4034: 2 # two
_4104: true # -1.0 # -2.0
_4152: true # -1.0 # -2.0

Execution Statistics:
  - Statements executed:  6086
  - Store size (SAS):     1962 entries
